JSCompiler_StaticMethods_assoc_BANG_:cg
JSCompiler_StaticMethods_cljs$core$ITransientVector$_assoc_n_BANG_$arity$3:jf
JSCompiler_StaticMethods_forceChunk:ug
JSCompiler_StaticMethods_sval:Qd
JSCompiler_inline_result$jscomp$891:cm
JSCompiler_prototypeAlias:g
L 0:a
L 1:b
L 10:n
L 11:p
L 12:t
L 13:q
L 14:y
L 15:C
L 16:D
L 17:E
L 18:K
L 19:S
L 2:c
L 20:ba
L 21:ha
L 22:Ja
L 23:cc
L 24:pb
L 25:Pa
L 26:qa
L 27:Xa
L 28:ec
L 29:dc
L 3:d
L 30:qj
L 31:rj
L 4:e
L 5:f
L 6:h
L 7:k
L 8:l
L 9:m
cljs$core$ArrayChunk:Sd
cljs$core$ArrayNode:Nf
cljs$core$ArrayNodeIterator:Rf
cljs$core$ArrayNodeSeq:Yf
cljs$core$Atom:se
cljs$core$BitmapIndexedNode:Jf
cljs$core$BitmapIndexedNode$EMPTY:Mf
cljs$core$Box:Df
cljs$core$ChunkBuffer:Rd
cljs$core$ChunkedCons:Ud
cljs$core$ChunkedSeq:cf
cljs$core$Cons:Kd
cljs$core$ES6EntriesIterator:nf
cljs$core$ES6Iterator:qc
cljs$core$ES6IteratorSeq:sc
cljs$core$ES6SetEntriesIterator:pf
cljs$core$EmptyList:Jd
cljs$core$Fn:Ba
cljs$core$HashCollisionNode:Vf
cljs$core$HashMapIter:$f
cljs$core$HashSetIter:kg
cljs$core$IAssociative:Ua
cljs$core$ICollection:Ha
cljs$core$IComparable:Ib
cljs$core$ICounted:Da
cljs$core$IEmptyableCollection:Fa
cljs$core$IEncodeClojure:Yg
cljs$core$IEncodeJS:Tg
cljs$core$IFn:Ca
cljs$core$IIndexed:Ka
cljs$core$IIndexed$_nth$dyn_21930:Ma
cljs$core$IIterable:Qb
cljs$core$IKVReduce:ob
cljs$core$IList:wb
cljs$core$ILookup:Ra
cljs$core$ILookup$_lookup$dyn_21936:Ta
cljs$core$IMap:Za
cljs$core$IMeta:ib
cljs$core$INIT:me
cljs$core$INext:Qa
cljs$core$IPrintWithWriter:zb
cljs$core$IRecord:xb
cljs$core$IReduce:lb
cljs$core$IReduce$_reduce$dyn_21963:nb
cljs$core$ISeq:Na
cljs$core$ISeqable:tb
cljs$core$ISequential:vb
cljs$core$ISet:cb
cljs$core$ISwap$_swap_BANG_$dyn_22009:Pb
cljs$core$ITER_SYMBOL:va
cljs$core$IVector:gb
cljs$core$IndexedSeq:J
cljs$core$IndexedSeqIterator:Kc
cljs$core$IntegerRange:sg
cljs$core$IntegerRangeChunk:qg
cljs$core$KeySeq:eg
cljs$core$Keyword:H
cljs$core$LazySeq:Pd
cljs$core$List:Pc
cljs$core$List$EMPTY:N
cljs$core$MapEntry:Re
cljs$core$MetaFn:Wc
cljs$core$NeverEquiv:kf
cljs$core$NodeIterator:If
cljs$core$NodeSeq:Wf
cljs$core$PROTOCOL_SENTINEL:u
cljs$core$PersistentArrayMap:Z
cljs$core$PersistentArrayMap$EMPTY:ke
cljs$core$PersistentArrayMap$HASHMAP_THRESHOLD:wf
cljs$core$PersistentArrayMap$createAsIfByAssoc:Tc
cljs$core$PersistentArrayMap$createAsIfByAssocComplexPath:Bf
cljs$core$PersistentArrayMapIterator:sf
cljs$core$PersistentArrayMapSeq:rf
cljs$core$PersistentHashMap:ag
cljs$core$PersistentHashMap$EMPTY:xf
cljs$core$PersistentHashSet:lg
cljs$core$PersistentHashSet$EMPTY:ng
cljs$core$PersistentVector:X
cljs$core$PersistentVector$EMPTY:Oc
cljs$core$PersistentVector$EMPTY_NODE:Y
cljs$core$PersistentVector$fromArray:Xe
cljs$core$Range:tg
cljs$core$RangeIterator:rg
cljs$core$RangedIterator:Ne
cljs$core$Reduced:yc
cljs$core$Repeat:xe
cljs$core$START:ne
cljs$core$SeqIter:oe
cljs$core$StringBufferWriter:Tb
cljs$core$Subvec:ef
cljs$core$Symbol:jc
cljs$core$TransientArrayMap:vf
cljs$core$TransientHashMap:bg
cljs$core$TransientHashSet:mg
cljs$core$TransientVector:Se
cljs$core$ValSeq:fg
cljs$core$VectorNode:Ce
cljs$core$_EQ_:P
cljs$core$_PLUS_:ih
cljs$core$_STAR_print_level_STAR_:pa
cljs$core$__destructure_map:je
cljs$core$_add_watch:Bb
cljs$core$_as_transient:Eb
cljs$core$_assoc:Wa
cljs$core$_assoc_BANG_:Hb
cljs$core$_assoc_n:hb
cljs$core$_chunked_first:Lb
cljs$core$_chunked_rest:Mb
cljs$core$_clj__GT_js:Ug
cljs$core$_compare:Jb
cljs$core$_conj:Ia
cljs$core$_conj_BANG_:Fb
cljs$core$_contains_key_QMARK_:Va
cljs$core$_count:Ea
cljs$core$_deref:B
cljs$core$_disjoin:db
cljs$core$_dissoc:$a
cljs$core$_drop:Sb
cljs$core$_drop_first:Kb
cljs$core$_empty:Ga
cljs$core$_equiv:rb
cljs$core$_find:Ya
cljs$core$_first:A
cljs$core$_hash:sb
cljs$core$_indexOf$cljs$0core$0IFn$0_invoke$0arity$03:Q
cljs$core$_iterator:Rb
cljs$core$_js__GT_clj:Zg
cljs$core$_key:ab
cljs$core$_kv_reduce:qb
cljs$core$_lastIndexOf$cljs$0core$0IFn$0_invoke$0arity$03:T
cljs$core$_lookup:Sa
cljs$core$_meta:jb
cljs$core$_nth:La
cljs$core$_peek:eb
cljs$core$_persistent_BANG_:Gb
cljs$core$_pop:fb
cljs$core$_pr_writer:Ab
cljs$core$_reduce:mb
cljs$core$_remove_watch:Db
cljs$core$_reset_BANG_:Nb
cljs$core$_rest:Oa
cljs$core$_seq:ub
cljs$core$_swap_BANG_:Ob
cljs$core$_val:bb
cljs$core$_with_meta:kb
cljs$core$_write:yb
cljs$core$aclone:wa
cljs$core$apply:Xc
cljs$core$apply$cljs$0core$0IFn$0_invoke$0arity$02:fe
cljs$core$apply$cljs$0core$0IFn$0_invoke$0arity$03:ge
cljs$core$apply$cljs$0core$0IFn$0_invoke$0arity$04:bh
cljs$core$apply$cljs$0core$0IFn$0_invoke$0arity$05:he
cljs$core$apply$cljs$0core$0IFn$0_invoke$0arity$0variadic:ie
cljs$core$apply_to:$d
cljs$core$apply_to_simple$cljs$0core$0IFn$0_invoke$0arity$03:be
cljs$core$apply_to_simple$cljs$0core$0IFn$0_invoke$0arity$04:ce
cljs$core$apply_to_simple$cljs$0core$0IFn$0_invoke$0arity$05:de
cljs$core$apply_to_simple$cljs$0core$0IFn$0_invoke$0arity$06:ee
cljs$core$array_QMARK_:ra
cljs$core$array__GT_transient_hash_map:Cf
cljs$core$array_copy:id
cljs$core$array_for:Ke
cljs$core$array_index_of:qf
cljs$core$array_map:dg
cljs$core$array_reduce$cljs$0core$0IFn$0_invoke$0arity$02:Dc
cljs$core$array_reduce$cljs$0core$0IFn$0_invoke$0arity$03:Ec
cljs$core$array_reduce$cljs$0core$0IFn$0_invoke$0arity$04:Fc
cljs$core$assoc:Sc
cljs$core$bit_count:Id
cljs$core$boolean$0:ld
cljs$core$bounded_count:Xd
cljs$core$build_subvec:ff
cljs$core$char_escapes:Cg
cljs$core$chunk_append:Wd
cljs$core$chunk_buffer:Td
cljs$core$chunk_cons:Vd
cljs$core$chunked_seq:We
cljs$core$chunked_seq$cljs$0core$0IFn$0_invoke$0arity$04:Ve
cljs$core$chunked_seq$cljs$0core$0IFn$0_invoke$0arity$05:df
cljs$core$chunked_seq_QMARK_:hd
cljs$core$ci_reduce$cljs$0core$0IFn$0_invoke$0arity$02:Bc
cljs$core$ci_reduce$cljs$0core$0IFn$0_invoke$0arity$03:Cc
cljs$core$clj__GT_js:Wg
cljs$core$clone_and_set$cljs$0core$0IFn$0_invoke$0arity$03:Ef
cljs$core$coll_QMARK_:bd
cljs$core$compare:pd
cljs$core$compare_indexed$cljs$0core$0IFn$0_invoke$0arity$02:qd
cljs$core$compare_keywords:Ld
cljs$core$compare_symbols:ic
cljs$core$complement:ch
cljs$core$conj:Nc
cljs$core$cons:U
cljs$core$contains_QMARK_:od
cljs$core$count:R
cljs$core$counted_QMARK_:Gc
cljs$core$create_array_node_seq:Tf
cljs$core$create_array_node_seq$cljs$0core$0IFn$0_invoke$0arity$01:Sf
cljs$core$create_array_node_seq$cljs$0core$0IFn$0_invoke$0arity$03:Zf
cljs$core$create_inode_seq:Lf
cljs$core$create_inode_seq$cljs$0core$0IFn$0_invoke$0arity$01:Kf
cljs$core$create_inode_seq$cljs$0core$0IFn$0_invoke$0arity$03:Xf
cljs$core$create_node:Pf
cljs$core$create_node$cljs$0core$0IFn$0_invoke$0arity$06:Qf
cljs$core$create_node$cljs$0core$0IFn$0_invoke$0arity$07:Of
cljs$core$deref:Ac
cljs$core$disj:$c
cljs$core$dissoc:Uc
cljs$core$distinct$cljs$0core$0IFn$0_invoke$0arity$01:pg
cljs$core$do_assoc:Le
cljs$core$doall$cljs$0core$0IFn$0_invoke$0arity$01:xg
cljs$core$drop$cljs$0core$0IFn$0_invoke$0arity$02:ve
cljs$core$drop_last$cljs$0core$0IFn$0_invoke$0arity$02:we
cljs$core$edit_and_set$cljs$0core$0IFn$0_invoke$0arity$04:Gf
cljs$core$empty:Qc
cljs$core$empty_QMARK_:ad
cljs$core$empty_ordered_hash:uc
cljs$core$empty_unordered_hash:wc
cljs$core$equiv_map:mf
cljs$core$equiv_sequential:Lc
cljs$core$es6_entries_iterator:of
cljs$core$es6_iterator:rc
cljs$core$es6_iterator_seq:oc
cljs$core$every_QMARK_:pe
cljs$core$filter$cljs$0core$0IFn$0_invoke$0arity$02:ye
cljs$core$filterv:Be
cljs$core$first:M
cljs$core$fn_QMARK_:Vc
cljs$core$fn__GT_comparator:rd
cljs$core$gensym$cljs$0core$0IFn$0_invoke$0arity$01:Sg
cljs$core$gensym_counter:Rg
cljs$core$get:kc
cljs$core$get$cljs$0core$0IFn$0_invoke$0arity$02:G
cljs$core$get$cljs$0core$0IFn$0_invoke$0arity$03:lc
cljs$core$hash:fc
cljs$core$hash_collision_node_find_index:Uf
cljs$core$hash_combine:hc
cljs$core$hash_ordered_coll:tc
cljs$core$hash_string:bc
cljs$core$hash_unordered_coll:vc
cljs$core$identity:Dd
cljs$core$ifn_QMARK_:md
cljs$core$imul:Vb
cljs$core$inc:xc
cljs$core$indexed_QMARK_:Hc
cljs$core$inode_kv_reduce:Hf
cljs$core$integer_QMARK_:nd
cljs$core$into:ze
cljs$core$into_array$cljs$0core$0IFn$0_invoke$0arity$01:xa
cljs$core$into_array$cljs$0core$0IFn$0_invoke$0arity$02:ya
cljs$core$iter_reduce$cljs$0core$0IFn$0_invoke$0arity$02:zd
cljs$core$iter_reduce$cljs$0core$0IFn$0_invoke$0arity$03:Ad
cljs$core$iterable_QMARK_:nc
cljs$core$js__GT_clj$cljs$0core$0IFn$0_invoke$0arity$0variadic:$g
cljs$core$juxt$cljs$0core$0IFn$0_invoke$0arity$02:vg
cljs$core$keep$cljs$0core$0IFn$0_invoke$0arity$02:re
cljs$core$key:$e
cljs$core$key__GT_js$cljs$0core$0IFn$0_invoke$0arity$02:Vg
cljs$core$key_test:yf
cljs$core$keys:tf
cljs$core$keyword:Nd
cljs$core$lift_ns:Og
cljs$core$linear_traversal_nth$cljs$0core$0IFn$0_invoke$0arity$03:Rc
cljs$core$lookup_sentinel:jd
cljs$core$m3_fmix:Yb
cljs$core$m3_hash_unencoded_chars:Zb
cljs$core$m3_mix_H1:Xb
cljs$core$m3_mix_K1:Wb
cljs$core$map:ue
cljs$core$map_QMARK_:ed
cljs$core$map_entry_QMARK_:Ze
cljs$core$mapv$cljs$0core$0IFn$0_invoke$0arity$02:Ae
cljs$core$max:Fd
cljs$core$merge:gg
cljs$core$meta:Zc
cljs$core$min:Gd
cljs$core$missing_protocol:x
cljs$core$name:Od
cljs$core$namespace:Md
cljs$core$native_satisfies_QMARK_:w
cljs$core$never_equiv:lf
cljs$core$new_path:Ge
cljs$core$next:O
cljs$core$next_STAR_:ae
cljs$core$not:sa
cljs$core$nth:Jc
cljs$core$nth$cljs$0core$0IFn$0_invoke$0arity$02:Ic
cljs$core$nth$cljs$0core$0IFn$0_invoke$0arity$03:V
cljs$core$pam_grow_seed_array:Af
cljs$core$pam_new_size:zf
cljs$core$persistent_BANG_:Zd
cljs$core$pop_tail:Me
cljs$core$pr_sequential_writer:yg
cljs$core$pr_str_STAR_:Ub
cljs$core$pr_str_with_opts:Mg
cljs$core$pr_writer:Hg
cljs$core$pr_writer_impl:Gg
cljs$core$prim_seq$cljs$0core$0IFn$0_invoke$0arity$02:Mc
cljs$core$print_map:Ig
cljs$core$print_meta_QMARK_:Eg
cljs$core$print_prefix_map:Pg
cljs$core$push_tail:He
cljs$core$pv_clone_node:Ee
cljs$core$pv_fresh_node:De
cljs$core$pv_reduce$cljs$0core$0IFn$0_invoke$0arity$04:Pe
cljs$core$pv_reduce$cljs$0core$0IFn$0_invoke$0arity$05:Qe
cljs$core$quot:Hd
cljs$core$quote_string:Dg
cljs$core$ranged_iterator:Oe
cljs$core$record_QMARK_:fd
cljs$core$reduce:Aa
cljs$core$reduce$cljs$0core$0IFn$0_invoke$0arity$02:Bd
cljs$core$reduce$cljs$0core$0IFn$0_invoke$0arity$03:za
cljs$core$reduce_kv:Cd
cljs$core$reduced_QMARK_:zc
cljs$core$remove$cljs$0core$0IFn$0_invoke$0arity$02:eh
cljs$core$remove_pair:Ff
cljs$core$reset_BANG_:W
cljs$core$rest:pc
cljs$core$second:hh
cljs$core$select_keys:hg
cljs$core$seq:I
cljs$core$seq_QMARK_:kd
cljs$core$seq_reduce$cljs$0core$0IFn$0_invoke$0arity$02:xd
cljs$core$seq_reduce$cljs$0core$0IFn$0_invoke$0arity$03:yd
cljs$core$sequential_QMARK_:dd
cljs$core$set:og
cljs$core$set_QMARK_:cd
cljs$core$some:qe
cljs$core$sort$cljs$0core$0IFn$0_invoke$0arity$01:sd
cljs$core$sort$cljs$0core$0IFn$0_invoke$0arity$02:td
cljs$core$sort_by$cljs$0core$0IFn$0_invoke$0arity$02:vd
cljs$core$sort_by$cljs$0core$0IFn$0_invoke$0arity$03:wd
cljs$core$spread:Yd
cljs$core$str:F
cljs$core$str_:z
cljs$core$string_hash_cache:$b
cljs$core$string_hash_cache_count:ac
cljs$core$strip_ns:Ng
cljs$core$swap_BANG_:te
cljs$core$symbol:mc
cljs$core$t_cljs$0core20667:le
cljs$core$tail_off:Fe
cljs$core$to_array:ud
cljs$core$transduce$cljs$0core$0IFn$0_invoke$0arity$04:Ed
cljs$core$truth_:v
cljs$core$tv_editable_root:Te
cljs$core$tv_editable_tail:Ue
cljs$core$tv_ensure_editable:gf
cljs$core$tv_push_tail:hf
cljs$core$type:ta
cljs$core$type__GT_str:ua
cljs$core$unchecked_array_for:Je
cljs$core$val:af
cljs$core$vals:uf
cljs$core$vec:Ye
cljs$core$vector:bf
cljs$core$vector_QMARK_:gd
cljs$core$vector_index_out_of_bounds:Ie
cljs$core$with_meta:Yc
cljs$core$write_all$cljs$0core$0IFn$0_invoke$0arity$0variadic:Bg
cljs$cst$1$readably:Jg
cljs$cst$10$fallback_impl:Lg
cljs$cst$100$displayName:ni
cljs$cst$101$cljsLegacyRender:Oi
cljs$cst$102$childContextTypes:Ih
cljs$cst$103$contextTypes:ai
cljs$cst$104$contextType:aj
cljs$cst$105$getDerivedStateFromProps:Ah
cljs$cst$106$getDerivedStateFromError:wi
cljs$cst$107$getInitialState:Fh
cljs$cst$108$constructor:ph
cljs$cst$109$reagent_render:Yh
cljs$cst$11$val:Qg
cljs$cst$110$on_write:jh
cljs$cst$111$display_name:Ri
cljs$cst$112$component_did_update:Rh
cljs$cst$113$component_will_unmount:Mh
cljs$cst$118$id:wg
cljs$cst$119$className:rh
cljs$cst$125$function_components:Si
cljs$cst$126$parse_tag:Ch
cljs$cst$130$stages:hl
cljs$cst$131$time:pm
cljs$cst$132$place_id:Gi
cljs$cst$133$date:ji
cljs$cst$134$ms:tm
cljs$cst$135$div_DOT_place_modal__acts:Zi
cljs$cst$136$artist_id:ui
cljs$cst$137$div_DOT_place_modal__act_DOT_past:Sm
cljs$cst$138$span_DOT_place_modal__act_time:$h
cljs$cst$139$div_DOT_place_modal__act_info:Ii
cljs$cst$140$span_DOT_place_modal__act_name:Jh
cljs$cst$141$on_click:um
cljs$cst$142$cursor:Zm
cljs$cst$143$description:Th
cljs$cst$144$span_DOT_place_modal__act_desc:Dh
cljs$cst$145$div_DOT_place_modal__now_line:oi
cljs$cst$146$ref:Jm
cljs$cst$147$span_DOT_place_modal__now_label:Ai
cljs$cst$148$div_DOT_place_modal__act:Ji
cljs$cst$149$span_DOT_place_modal__act_countdown:lm
cljs$cst$150$div_DOT_place_modal__no_acts:ci
cljs$cst$151$div_DOT_place_modal:Ti
cljs$cst$152$div_DOT_place_modal__sheet:ti
cljs$cst$153$button_DOT_place_modal__close:zm
cljs$cst$154$div_DOT_place_modal__header:fj
cljs$cst$155$span_DOT_place_modal__icon:Dm
cljs$cst$156$icon:Di
cljs$cst$157$span_DOT_place_modal__name:Am
cljs$cst$158$div_DOT_place_modal__place_desc:Qi
cljs$cst$159$div_DOT_place_modal__days:ei
cljs$cst$160$div_DOT_place_modal__day_tab:Xm
cljs$cst$161$div_DOT_place_modal_DOT_artist_modal:Ui
cljs$cst$162$div_DOT_place_modal__artist_bio:si
cljs$cst$163$span_DOT_place_modal__act_stage_icon:im
cljs$cst$164$div_DOT_place_btn:vm
cljs$cst$165$position:$m
cljs$cst$166$left:Kh
cljs$cst$167$x:uh
cljs$cst$168$top:Ni
cljs$cst$169$y:fh
cljs$cst$170$transform:Ph
cljs$cst$171$span_DOT_sparkle_DOT_s1:Rl
cljs$cst$172$span_DOT_sparkle_DOT_s2:Sl
cljs$cst$173$span_DOT_sparkle_DOT_s3:Tl
cljs$cst$174$span_DOT_sparkle_DOT_s4:fm
cljs$cst$175$span_DOT_sparkle_DOT_s5:gm
cljs$cst$176$span_DOT_sparkle_DOT_s6:hm
cljs$cst$177$filter:nh
cljs$cst$178$width:mh
cljs$cst$179$height:wh
cljs$cst$180$feGaussianBlur:Mi
cljs$cst$181$in:Vm
cljs$cst$182$stdDeviation:Ki
cljs$cst$183$result:rm
cljs$cst$184$feMerge:Nm
cljs$cst$185$feMergeNode:Pl
cljs$cst$186$radialGradient:Qm
cljs$cst$187$gradientUnits:Em
cljs$cst$188$cx:Hi
cljs$cst$189$cy:Fi
cljs$cst$190$r:Qh
cljs$cst$191$stop:Hh
cljs$cst$192$offset:Pi
cljs$cst$193$stop_color:ri
cljs$cst$194$stop_opacity:Mm
cljs$cst$195$animate:nm
cljs$cst$196$attributeName:bi
cljs$cst$197$values:$i
cljs$cst$198$dur:Wh
cljs$cst$199$calcMode:km
cljs$cst$2$meta:Fg
cljs$cst$20$keyword_fn:Xg
cljs$cst$200$keySplines:Wm
cljs$cst$201$repeatCount:di
cljs$cst$202$d:ii
cljs$cst$203$fill:lh
cljs$cst$204$stroke:kh
cljs$cst$205$stroke_width:sh
cljs$cst$206$_LT__GT_:Om
cljs$cst$207$svg:Tm
cljs$cst$208$overflow:mm
cljs$cst$209$pointer_events:gl
cljs$cst$21$keywordize_keys:ah
cljs$cst$210$defs:Ql
cljs$cst$220$scale:Lm
cljs$cst$229$dev_QMARK_:qm
cljs$cst$230$gps_status:Bh
cljs$cst$231$idle:Zh
cljs$cst$232$inside_QMARK_:Vi
cljs$cst$233$sim_done_QMARK_:ym
cljs$cst$234$dragging:yh
cljs$cst$235$pinching:Im
cljs$cst$236$last_x:Eh
cljs$cst$237$last_y:Nh
cljs$cst$238$pinch_dist:wm
cljs$cst$239$pinch_cx:jl
cljs$cst$240$pinch_cy:ml
cljs$cst$241$component_did_mount:xi
cljs$cst$242$loading:Pm
cljs$cst$243$found:fi
cljs$cst$244$section_SHARP_garden_DOT_map_section:dj
cljs$cst$245$div_DOT_map_viewport:jm
cljs$cst$246$on_touch_start:vi
cljs$cst$247$on_touch_end:Wi
cljs$cst$248$div_DOT_map_world:pi
cljs$cst$249$transform_origin:Xi
cljs$cst$250$img:mi
cljs$cst$251$src:hi
cljs$cst$252$draggable:Bm
cljs$cst$253$display:Yi
cljs$cst$254$user_select:il
cljs$cst$255$div_DOT_map_user_dot:Vh
cljs$cst$256$div_DOT_map_overlay__actions:gj
cljs$cst$257$button_DOT_map_btn:sm
cljs$cst$258$button_DOT_map_btn_DOT_map_btn__sim:nl
cljs$cst$259$button_DOT_map_btn_DOT_map_btn__stop:Fm
cljs$cst$4$print_length:zg
cljs$cst$5$validator:zi
cljs$cst$6$cljs_DOT_core_SLASH_not_found:jg
cljs$cst$63$error:Ci
cljs$cst$64$name:Lh
cljs$cst$68$class:Oh
cljs$cst$69$style:th
cljs$cst$70$key:bj
cljs$cst$79$on_dispose:li
cljs$cst$8$more_marker:Ag
cljs$cst$82$auto_run:zh
cljs$cst$83$path:qi
cljs$cst$86$on_set:hj
cljs$cst$87$no_cache:qh
cljs$cst$9$alt_impl:Kg
cljs$cst$95$shouldComponentUpdate:Gh
cljs$cst$96$componentDidMount:Li
cljs$cst$97$componentWillUnmount:oh
cljs$cst$98$reagentRender:Xh
cljs$cst$99$render:gi
clojure$set$difference:Wj
clojure$string$join$cljs$0core$0IFn$0_invoke$0arity$02:uj
clojure$string$replace:tj
clojure$string$replace_all:pj
clojure$string$replace_with:sj
clojure$string$split$cljs$0core$0IFn$0_invoke$0arity$03:vj
container$jscomp$inline_1155:dm
el$jscomp$inline_1189:Zl
fn_to_element$jscomp$inline_845:Wl
goog$UID_PROPERTY_:da
goog$getUid:ca
goog$global:aa
goog$string$StringBuffer:oa
goog$typeOf:r
goog$uidCounter_:ea
id$jscomp$inline_844:Vl
manas$frontend$app$root:Ol
manas$frontend$views$map$amorph_filter:xm
manas$frontend$views$map$api_acts:ul
manas$frontend$views$map$api_artists:tl
manas$frontend$views$map$api_places:sl
manas$frontend$views$map$artist_modal:Il
manas$frontend$views$map$boundary:pl
manas$frontend$views$map$catmull_rom_path:Kl
manas$frontend$views$map$centroid:Gm
manas$frontend$views$map$clamp_transform:Ml
manas$frontend$views$map$close_modal_BANG_:Al
manas$frontend$views$map$countdown:El
manas$frontend$views$map$cr_seg:Jl
manas$frontend$views$map$day_labels:Fl
manas$frontend$views$map$fetch_acts_BANG_:Dl
manas$frontend$views$map$fetch_artists_BANG_:Cl
manas$frontend$views$map$fetch_places_BANG_:Bl
manas$frontend$views$map$inside_festival_QMARK_:rl
manas$frontend$views$map$map_section:Nl
manas$frontend$views$map$modal_acts:Gl
manas$frontend$views$map$modal_artist:wl
manas$frontend$views$map$modal_closing:yl
manas$frontend$views$map$modal_day:xl
manas$frontend$views$map$modal_place:vl
manas$frontend$views$map$now_time:zl
manas$frontend$views$map$place_areas:Ll
manas$frontend$views$map$place_click_handler:$l
manas$frontend$views$map$place_dot:am
manas$frontend$views$map$place_modal:Hl
manas$frontend$views$map$place_radial_gradient:Hm
manas$frontend$views$map$place_svg_area:bm
manas$frontend$views$map$sim_route:ql
module$contents$goog$array_defaultCompare:ma
module$contents$goog$array_sort:la
module$contents$goog$array_stableSort:na
module$contents$goog$object_PROTOTYPE_FIELDS:ja
module$contents$goog$object_extend:ka
module$contents$goog$object_get:ia
module$contents$goog$object_getKeys:fa
module$node_modules$react$index:mj
module$node_modules$react_dom$client:oj
module$node_modules$react_dom$index:nj
opts$jscomp$inline_843:Ul
parse_fn$jscomp$inline_846:Xl
reagent$core$atom$cljs$0core$0IFn$0_invoke$0arity$01:ol
reagent$dom$client$reagent_root:kl
reagent$dom$client$render$cljs$0core$0IFn$0_invoke$0arity$04:ll
reagent$impl$batching$RenderQueue:Pj
reagent$impl$batching$compare_mount_order:Jj
reagent$impl$batching$enqueue:Oj
reagent$impl$batching$fake_raf:Hj
reagent$impl$batching$mount_count:Gj
reagent$impl$batching$next_tick:Ij
reagent$impl$batching$queue_render:Rj
reagent$impl$batching$ratom_flush:Mj
reagent$impl$batching$react_flush:Kj
reagent$impl$batching$render_queue:Qj
reagent$impl$batching$run_funs:Nj
reagent$impl$batching$run_queue:Lj
reagent$impl$component$_STAR_current_component_STAR_:ok
reagent$impl$component$built_in_static_method_names:ig
reagent$impl$component$cache_react_class:Ck
reagent$impl$component$camelify_map_keys:xk
reagent$impl$component$cancel_cleanup:sk
reagent$impl$component$cljsify:Ak
reagent$impl$component$create_class:Bk
reagent$impl$component$custom_wrapper:uk
reagent$impl$component$dash_to_method_name:wk
reagent$impl$component$functional_render:Ek
reagent$impl$component$functional_render_fn:Gk
reagent$impl$component$functional_render_memo_fn:Fk
reagent$impl$component$functional_wrap_render:Dk
reagent$impl$component$map_to_js:zk
reagent$impl$component$obligatory:vk
reagent$impl$component$props_argv:pk
reagent$impl$component$queue_cleanup:tk
reagent$impl$component$rat_opts:nk
reagent$impl$component$reagent_class_QMARK_:qk
reagent$impl$component$wrap_funs:yk
reagent$impl$component$wrap_render:rk
reagent$impl$input$_STAR_force_set_dom_value_STAR_:Ik
reagent$impl$input$input_component_set_value:Kk
reagent$impl$input$input_handle_change:Lk
reagent$impl$input$input_node_set_value:Jk
reagent$impl$input$input_render_setup:Mk
reagent$impl$input$input_spec:Nk
reagent$impl$input$these_inputs_have_selection_api:Hk
reagent$impl$protocols$as_element:Uj
reagent$impl$protocols$get_id:Sj
reagent$impl$protocols$make_element:Vj
reagent$impl$protocols$parse_tag:Tj
reagent$impl$template$HiccupTag:Xk
reagent$impl$template$_STAR_current_default_compiler_STAR_:fl
reagent$impl$template$cache_get:Qk
reagent$impl$template$convert_custom_prop_value:Vk
reagent$impl$template$convert_prop_value:Sk
reagent$impl$template$custom_kv_conv:Uk
reagent$impl$template$custom_prop_name_cache:Tk
reagent$impl$template$expand_seq:cl
reagent$impl$template$function_element:Zk
reagent$impl$template$kv_conv:Rk
reagent$impl$template$make_element:Wk
reagent$impl$template$maybe_function_element:$k
reagent$impl$template$native_element:bl
reagent$impl$template$prop_name_cache:Pk
reagent$impl$template$re_tag:Ok
reagent$impl$template$reag_element:Yk
reagent$impl$template$t_reagent$0impl$0template22647:el
reagent$impl$template$tag_name_cache:al
reagent$impl$template$vec_to_elem:dl
reagent$impl$util$_STAR_always_update_STAR_:Dj
reagent$impl$util$capitalize:yj
reagent$impl$util$class_names:Cj
reagent$impl$util$dash_to_prop_name:zj
reagent$impl$util$dont_camel_case:xj
reagent$impl$util$fun_name:Aj
reagent$impl$util$get_react_key:Ej
reagent$impl$util$is_client:wj
reagent$impl$util$named_QMARK_:Bj
reagent$impl$util$react_key_from_vec:Fj
reagent$ratom$RAtom:fk
reagent$ratom$Reaction:ik
reagent$ratom$_STAR_ratom_context_STAR_:Xj
reagent$ratom$add_w:ak
reagent$ratom$atom:gk
reagent$ratom$deref_capture:Yj
reagent$ratom$dispose_BANG_:hk
reagent$ratom$flush_BANG_:jk
reagent$ratom$handle_reaction_change:Cb
reagent$ratom$make_reaction:kk
reagent$ratom$notify_deref_watcher_BANG_:Zj
reagent$ratom$notify_w:ck
reagent$ratom$pr_atom:dk
reagent$ratom$rea_queue:ek
reagent$ratom$remove_w:bk
reagent$ratom$run_in_reaction:mk
reagent$ratom$temp_reaction:lk
root$jscomp$inline_1188:Yl
shadow$js$files:ij
shadow$js$jsRequire:lj
shadow$js$nativeProvides:jj
shadow$js$requireStack:kj
