JSCompiler_StaticMethods_assoc_BANG_:Qf
JSCompiler_StaticMethods_cljs$core$ITransientVector$_assoc_n_BANG_$arity$3:We
JSCompiler_StaticMethods_sval:Ad
JSCompiler_inline_result$jscomp$883:il
JSCompiler_prototypeAlias:g
L 0:a
L 1:b
L 10:m
L 11:t
L 12:p
L 13:u
L 14:z
L 15:A
L 16:D
L 17:G
L 18:P
L 19:T
L 2:c
L 20:ba
L 21:ia
L 22:$a
L 23:Qa
L 24:ub
L 25:Ed
L 26:dg
L 27:eg
L 3:d
L 4:e
L 5:f
L 6:h
L 7:k
L 8:l
L 9:n
cljs$core$ArrayChunk:Cd
cljs$core$ArrayNode:Af
cljs$core$ArrayNodeIterator:Ef
cljs$core$ArrayNodeSeq:Lf
cljs$core$Atom:fe
cljs$core$BitmapIndexedNode:wf
cljs$core$BitmapIndexedNode$EMPTY:zf
cljs$core$Box:qf
cljs$core$ChunkBuffer:Bd
cljs$core$ChunkedCons:Id
cljs$core$ChunkedSeq:Qe
cljs$core$Cons:vd
cljs$core$ES6EntriesIterator:$e
cljs$core$ES6Iterator:ic
cljs$core$ES6IteratorSeq:kc
cljs$core$ES6SetEntriesIterator:bf
cljs$core$EmptyList:ud
cljs$core$Fn:ya
cljs$core$HashCollisionNode:If
cljs$core$HashMapIter:Nf
cljs$core$HashSetIter:Xf
cljs$core$IAssociative:Ma
cljs$core$ICollection:Ca
cljs$core$IComparable:Bc
cljs$core$ICounted:Aa
cljs$core$IEmptyableCollection:Jk
cljs$core$IEncodeClojure:nn
cljs$core$IEncodeJS:Fg
cljs$core$IFn:za
cljs$core$IIndexed:Ea
cljs$core$IIndexed$_nth$dyn_22025:Fa
cljs$core$IIterable:Kb
cljs$core$IKVReduce:hb
cljs$core$IList:pb
cljs$core$ILookup:Ja
cljs$core$ILookup$_lookup$dyn_22034:La
cljs$core$IMap:Ra
cljs$core$IMeta:bb
cljs$core$INIT:$d
cljs$core$INext:Ia
cljs$core$IPrintWithWriter:sb
cljs$core$IRecord:qb
cljs$core$IReduce:eb
cljs$core$IReduce$_reduce$dyn_22063:gb
cljs$core$ISeq:Ga
cljs$core$ISeqable:lb
cljs$core$ISequential:ob
cljs$core$ISet:Va
cljs$core$ISwap$_swap_BANG_$dyn_22131:Jb
cljs$core$ITER_SYMBOL:ra
cljs$core$IVector:Za
cljs$core$IndexedSeq:K
cljs$core$IndexedSeqIterator:Ec
cljs$core$KeySeq:Rf
cljs$core$Keyword:I
cljs$core$LazySeq:zd
cljs$core$List:Jc
cljs$core$List$EMPTY:hc
cljs$core$MapEntry:Ce
cljs$core$MetaFn:Oc
cljs$core$NeverEquiv:Xe
cljs$core$NodeIterator:vf
cljs$core$NodeSeq:Jf
cljs$core$PROTOCOL_SENTINEL:r
cljs$core$PersistentArrayMap:Z
cljs$core$PersistentArrayMap$EMPTY:Yd
cljs$core$PersistentArrayMap$HASHMAP_THRESHOLD:jf
cljs$core$PersistentArrayMap$createAsIfByAssoc:Lc
cljs$core$PersistentArrayMap$createAsIfByAssocComplexPath:of
cljs$core$PersistentArrayMapIterator:ef
cljs$core$PersistentArrayMapSeq:df
cljs$core$PersistentHashMap:Em
cljs$core$PersistentHashMap$EMPTY:kf
cljs$core$PersistentHashSet:Yf
cljs$core$PersistentHashSet$EMPTY:$f
cljs$core$PersistentVector:X
cljs$core$PersistentVector$EMPTY:Ic
cljs$core$PersistentVector$EMPTY_NODE:Y
cljs$core$PersistentVector$fromArray:Ke
cljs$core$RangedIterator:ye
cljs$core$Reduced:qc
cljs$core$START:ae
cljs$core$SeqIter:be
cljs$core$StringBufferWriter:Nb
cljs$core$Subvec:Se
cljs$core$Symbol:$b
cljs$core$TransientArrayMap:hf
cljs$core$TransientHashMap:Pf
cljs$core$TransientHashSet:Zf
cljs$core$TransientVector:De
cljs$core$ValSeq:Sf
cljs$core$VectorNode:ne
cljs$core$_EQ_:O
cljs$core$_STAR_print_level_STAR_:ma
cljs$core$__destructure_map:Xd
cljs$core$_add_watch:wb
cljs$core$_as_transient:zb
cljs$core$_assoc:Oa
cljs$core$_assoc_BANG_:Cb
cljs$core$_assoc_n:ab
cljs$core$_chunked_first:Eb
cljs$core$_chunked_rest:Fb
cljs$core$_clj__GT_js:Gg
cljs$core$_compare:Cc
cljs$core$_conj:Da
cljs$core$_conj_BANG_:Ab
cljs$core$_contains_key_QMARK_:Na
cljs$core$_count:Ba
cljs$core$_deref:E
cljs$core$_disjoin:Wa
cljs$core$_dissoc:Sa
cljs$core$_drop:Mb
cljs$core$_drop_first:Db
cljs$core$_empty:Kk
cljs$core$_equiv:jb
cljs$core$_find:Pa
cljs$core$_first:C
cljs$core$_hash:kb
cljs$core$_indexOf$cljs$0core$0IFn$0_invoke$0arity$03:Q
cljs$core$_iterator:Lb
cljs$core$_js__GT_clj:on
cljs$core$_key:Ta
cljs$core$_kv_reduce:ib
cljs$core$_lastIndexOf$cljs$0core$0IFn$0_invoke$0arity$03:S
cljs$core$_lookup:Ka
cljs$core$_meta:cb
cljs$core$_nth:B
cljs$core$_peek:Xa
cljs$core$_persistent_BANG_:Bb
cljs$core$_pop:Ya
cljs$core$_pr_writer:tb
cljs$core$_reduce:fb
cljs$core$_remove_watch:yb
cljs$core$_reset_BANG_:Hb
cljs$core$_rest:Ha
cljs$core$_seq:nb
cljs$core$_swap_BANG_:Ib
cljs$core$_val:Ua
cljs$core$_with_meta:db
cljs$core$_write:rb
cljs$core$aclone:ta
cljs$core$apply:Pc
cljs$core$apply$cljs$0core$0IFn$0_invoke$0arity$02:Td
cljs$core$apply$cljs$0core$0IFn$0_invoke$0arity$03:Ud
cljs$core$apply$cljs$0core$0IFn$0_invoke$0arity$05:Vd
cljs$core$apply$cljs$0core$0IFn$0_invoke$0arity$0variadic:Wd
cljs$core$apply_to:Nd
cljs$core$apply_to_simple$cljs$0core$0IFn$0_invoke$0arity$03:Pd
cljs$core$apply_to_simple$cljs$0core$0IFn$0_invoke$0arity$04:Qd
cljs$core$apply_to_simple$cljs$0core$0IFn$0_invoke$0arity$05:Rd
cljs$core$apply_to_simple$cljs$0core$0IFn$0_invoke$0arity$06:Sd
cljs$core$array_QMARK_:na
cljs$core$array__GT_transient_hash_map:pf
cljs$core$array_copy:ad
cljs$core$array_for:ve
cljs$core$array_index_of:cf
cljs$core$array_map:Vm
cljs$core$array_reduce$cljs$0core$0IFn$0_invoke$0arity$02:vc
cljs$core$array_reduce$cljs$0core$0IFn$0_invoke$0arity$03:wc
cljs$core$array_reduce$cljs$0core$0IFn$0_invoke$0arity$04:xc
cljs$core$assoc:W
cljs$core$bit_count:td
cljs$core$boolean$0:ed
cljs$core$bounded_count:Ld
cljs$core$build_subvec:Te
cljs$core$char_escapes:og
cljs$core$chunk_append:Kd
cljs$core$chunk_buffer:Dd
cljs$core$chunk_cons:Jd
cljs$core$chunked_seq:Je
cljs$core$chunked_seq$cljs$0core$0IFn$0_invoke$0arity$04:Ie
cljs$core$chunked_seq$cljs$0core$0IFn$0_invoke$0arity$05:Re
cljs$core$chunked_seq_QMARK_:$c
cljs$core$ci_reduce$cljs$0core$0IFn$0_invoke$0arity$02:tc
cljs$core$ci_reduce$cljs$0core$0IFn$0_invoke$0arity$03:uc
cljs$core$clj__GT_js:Ig
cljs$core$clone_and_set$cljs$0core$0IFn$0_invoke$0arity$03:rf
cljs$core$coll_QMARK_:Uc
cljs$core$compare:dd
cljs$core$compare_indexed$cljs$0core$0IFn$0_invoke$0arity$02:Fd
cljs$core$compare_keywords:fg
cljs$core$compare_symbols:cd
cljs$core$conj:Hc
cljs$core$cons:U
cljs$core$contains_QMARK_:hd
cljs$core$count:R
cljs$core$counted_QMARK_:yc
cljs$core$create_array_node_seq:Gf
cljs$core$create_array_node_seq$cljs$0core$0IFn$0_invoke$0arity$01:Ff
cljs$core$create_array_node_seq$cljs$0core$0IFn$0_invoke$0arity$03:Mf
cljs$core$create_inode_seq:yf
cljs$core$create_inode_seq$cljs$0core$0IFn$0_invoke$0arity$01:xf
cljs$core$create_inode_seq$cljs$0core$0IFn$0_invoke$0arity$03:Kf
cljs$core$create_node:Cf
cljs$core$create_node$cljs$0core$0IFn$0_invoke$0arity$06:Df
cljs$core$create_node$cljs$0core$0IFn$0_invoke$0arity$07:Bf
cljs$core$deref:sc
cljs$core$disj:Sc
cljs$core$dissoc:Mc
cljs$core$distinct$cljs$0core$0IFn$0_invoke$0arity$01:gg
cljs$core$do_assoc:we
cljs$core$doall$cljs$0core$0IFn$0_invoke$0arity$01:jn
cljs$core$drop$cljs$0core$0IFn$0_invoke$0arity$02:je
cljs$core$drop_last$cljs$0core$0IFn$0_invoke$0arity$02:ke
cljs$core$edit_and_set$cljs$0core$0IFn$0_invoke$0arity$04:tf
cljs$core$empty:Jl
cljs$core$empty_QMARK_:Tc
cljs$core$empty_ordered_hash:mc
cljs$core$empty_unordered_hash:oc
cljs$core$equiv_map:Ze
cljs$core$equiv_sequential:Fc
cljs$core$es6_entries_iterator:af
cljs$core$es6_iterator:jc
cljs$core$es6_iterator_seq:ec
cljs$core$every_QMARK_:ce
cljs$core$filter$cljs$0core$0IFn$0_invoke$0arity$02:le
cljs$core$filterv:sa
cljs$core$first:M
cljs$core$fn_QMARK_:Nc
cljs$core$fn__GT_comparator:Gd
cljs$core$gensym$cljs$0core$0IFn$0_invoke$0arity$01:Eg
cljs$core$gensym_counter:Dg
cljs$core$get:ac
cljs$core$get$cljs$0core$0IFn$0_invoke$0arity$02:H
cljs$core$get$cljs$0core$0IFn$0_invoke$0arity$03:bc
cljs$core$hash:Yb
cljs$core$hash_collision_node_find_index:Hf
cljs$core$hash_combine:Zb
cljs$core$hash_ordered_coll:lc
cljs$core$hash_string:Xb
cljs$core$hash_unordered_coll:nc
cljs$core$identity:od
cljs$core$ifn_QMARK_:fd
cljs$core$imul:Pb
cljs$core$inc:pc
cljs$core$indexed_QMARK_:zc
cljs$core$inode_kv_reduce:uf
cljs$core$integer_QMARK_:gd
cljs$core$into:me
cljs$core$into_array$cljs$0core$0IFn$0_invoke$0arity$01:ua
cljs$core$into_array$cljs$0core$0IFn$0_invoke$0arity$02:va
cljs$core$iter_reduce$cljs$0core$0IFn$0_invoke$0arity$02:kd
cljs$core$iter_reduce$cljs$0core$0IFn$0_invoke$0arity$03:ld
cljs$core$iterable_QMARK_:dc
cljs$core$js__GT_clj$cljs$0core$0IFn$0_invoke$0arity$0variadic:pn
cljs$core$juxt$cljs$0core$0IFn$0_invoke$0arity$02:hg
cljs$core$keep$cljs$0core$0IFn$0_invoke$0arity$02:ee
cljs$core$key:Ne
cljs$core$key__GT_js$cljs$0core$0IFn$0_invoke$0arity$02:Hg
cljs$core$key_test:lf
cljs$core$keys:ff
cljs$core$keyword:xd
cljs$core$lift_ns:Ag
cljs$core$linear_traversal_nth$cljs$0core$0IFn$0_invoke$0arity$03:Kc
cljs$core$lookup_sentinel:bd
cljs$core$m3_fmix:Tb
cljs$core$m3_hash_unencoded_chars:Ub
cljs$core$m3_mix_H1:Rb
cljs$core$m3_mix_K1:Qb
cljs$core$map:ie
cljs$core$map_QMARK_:Xc
cljs$core$map_entry_QMARK_:Me
cljs$core$mapv$cljs$0core$0IFn$0_invoke$0arity$02:oa
cljs$core$max:qd
cljs$core$merge:Tf
cljs$core$meta:Rc
cljs$core$min:rd
cljs$core$missing_protocol:x
cljs$core$name:yd
cljs$core$namespace:wd
cljs$core$native_satisfies_QMARK_:w
cljs$core$never_equiv:Ye
cljs$core$new_path:re
cljs$core$next:N
cljs$core$next_STAR_:Od
cljs$core$not:pa
cljs$core$nth:Dc
cljs$core$nth$cljs$0core$0IFn$0_invoke$0arity$02:Ac
cljs$core$nth$cljs$0core$0IFn$0_invoke$0arity$03:V
cljs$core$pam_grow_seed_array:nf
cljs$core$pam_new_size:mf
cljs$core$persistent_BANG_:Wl
cljs$core$pop_tail:xe
cljs$core$pr_sequential_writer:bg
cljs$core$pr_str_STAR_:Ob
cljs$core$pr_str_with_opts:yg
cljs$core$pr_writer:tg
cljs$core$pr_writer_impl:sg
cljs$core$prim_seq$cljs$0core$0IFn$0_invoke$0arity$02:Gc
cljs$core$print_map:ug
cljs$core$print_meta_QMARK_:qg
cljs$core$print_prefix_map:Bg
cljs$core$push_tail:se
cljs$core$pv_clone_node:pe
cljs$core$pv_fresh_node:oe
cljs$core$pv_reduce$cljs$0core$0IFn$0_invoke$0arity$04:Ae
cljs$core$pv_reduce$cljs$0core$0IFn$0_invoke$0arity$05:Be
cljs$core$quot:sd
cljs$core$quote_string:pg
cljs$core$ranged_iterator:ze
cljs$core$record_QMARK_:Yc
cljs$core$reduce:xa
cljs$core$reduce$cljs$0core$0IFn$0_invoke$0arity$02:md
cljs$core$reduce$cljs$0core$0IFn$0_invoke$0arity$03:wa
cljs$core$reduce_kv:nd
cljs$core$reduced_QMARK_:rc
cljs$core$remove_pair:sf
cljs$core$reset_BANG_:ge
cljs$core$rest:fc
cljs$core$select_keys:Uf
cljs$core$seq:J
cljs$core$seq_QMARK_:Kl
cljs$core$seq_reduce$cljs$0core$0IFn$0_invoke$0arity$02:id
cljs$core$seq_reduce$cljs$0core$0IFn$0_invoke$0arity$03:jd
cljs$core$sequential_QMARK_:Wc
cljs$core$set:ag
cljs$core$set_QMARK_:Vc
cljs$core$some:de
cljs$core$sort$cljs$0core$0IFn$0_invoke$0arity$01:Hd
cljs$core$sort$cljs$0core$0IFn$0_invoke$0arity$02:Ge
cljs$core$sort_by$cljs$0core$0IFn$0_invoke$0arity$02:Of
cljs$core$sort_by$cljs$0core$0IFn$0_invoke$0arity$03:cg
cljs$core$spread:Md
cljs$core$str:F
cljs$core$str_:y
cljs$core$string_hash_cache:Vb
cljs$core$string_hash_cache_count:Wb
cljs$core$strip_ns:zg
cljs$core$swap_BANG_:he
cljs$core$symbol:cc
cljs$core$t_cljs$0core20667:Zd
cljs$core$tail_off:qe
cljs$core$to_array:He
cljs$core$transduce$cljs$0core$0IFn$0_invoke$0arity$04:pd
cljs$core$truth_:v
cljs$core$tv_editable_root:Ee
cljs$core$tv_editable_tail:Fe
cljs$core$tv_ensure_editable:Ue
cljs$core$tv_push_tail:Ve
cljs$core$type:Sb
cljs$core$type__GT_str:qa
cljs$core$unchecked_array_for:ue
cljs$core$val:Oe
cljs$core$vals:gf
cljs$core$vec:Le
cljs$core$vector:Pe
cljs$core$vector_QMARK_:Zc
cljs$core$vector_index_out_of_bounds:te
cljs$core$with_meta:Qc
cljs$core$write_all$cljs$0core$0IFn$0_invoke$0arity$0variadic:ng
cljs$cst$1$readably:vg
cljs$cst$10$fallback_impl:xg
cljs$cst$100$displayName:Oh
cljs$cst$101$cljsLegacyRender:ki
cljs$cst$102$childContextTypes:ph
cljs$cst$103$contextTypes:Fh
cljs$cst$104$contextType:yi
cljs$cst$105$getDerivedStateFromProps:ih
cljs$cst$106$getDerivedStateFromError:Zh
cljs$cst$107$getInitialState:mh
cljs$cst$108$constructor:Yg
cljs$cst$109$reagent_render:Bh
cljs$cst$11$val:Cg
cljs$cst$110$on_write:Tg
cljs$cst$111$display_name:ni
cljs$cst$112$component_did_update:wh
cljs$cst$113$component_will_unmount:sh
cljs$cst$118$id:xi
cljs$cst$119$className:$g
cljs$cst$125$function_components:oi
cljs$cst$126$parse_tag:kh
cljs$cst$130$time:ti
cljs$cst$131$place_id:Dh
cljs$cst$132$date:eh
cljs$cst$133$ms:vi
cljs$cst$134$div_DOT_place_modal__acts:fh
cljs$cst$135$artist_id:vh
cljs$cst$136$div_DOT_place_modal__act_DOT_past:Lk
cljs$cst$137$span_DOT_place_modal__act_time:Vg
cljs$cst$138$div_DOT_place_modal__act_info:Eh
cljs$cst$139$span_DOT_place_modal__act_name:Lg
cljs$cst$140$on_click:Ai
cljs$cst$141$cursor:Qk
cljs$cst$142$description:Rg
cljs$cst$143$span_DOT_place_modal__act_desc:kg
cljs$cst$144$div_DOT_place_modal__now_line:lh
cljs$cst$145$ref:Ki
cljs$cst$146$span_DOT_place_modal__now_label:zh
cljs$cst$147$div_DOT_place_modal__act:Gh
cljs$cst$148$span_DOT_place_modal__act_countdown:qi
cljs$cst$149$div_DOT_place_modal__no_acts:Wg
cljs$cst$150$div_DOT_place_modal:Kh
cljs$cst$151$div_DOT_place_modal__sheet:uh
cljs$cst$152$button_DOT_place_modal__close:Ei
cljs$cst$153$div_DOT_place_modal__header:Th
cljs$cst$154$span_DOT_place_modal__icon:Hi
cljs$cst$155$icon:Ch
cljs$cst$156$span_DOT_place_modal__name:Fi
cljs$cst$157$div_DOT_place_modal__place_desc:Jh
cljs$cst$158$div_DOT_place_modal__days:ah
cljs$cst$159$div_DOT_place_modal__day_tab:Ok
cljs$cst$160$div_DOT_place_modal_DOT_artist_modal:Lh
cljs$cst$161$div_DOT_place_modal__artist_bio:qh
cljs$cst$162$span_DOT_place_modal__act_stage_icon:hi
cljs$cst$163$div_DOT_place_btn:Bi
cljs$cst$164$position:Sk
cljs$cst$165$left:Mg
cljs$cst$166$x:Qg
cljs$cst$167$top:Hh
cljs$cst$168$y:Pg
cljs$cst$169$transform:Og
cljs$cst$170$span_DOT_sparkle_DOT_s1:$h
cljs$cst$171$span_DOT_sparkle_DOT_s2:ai
cljs$cst$172$span_DOT_sparkle_DOT_s3:di
cljs$cst$173$span_DOT_sparkle_DOT_s4:ei
cljs$cst$174$span_DOT_sparkle_DOT_s5:fi
cljs$cst$175$span_DOT_sparkle_DOT_s6:gi
cljs$cst$176$scale:Xi
cljs$cst$177$gps_status:jg
cljs$cst$178$idle:Ug
cljs$cst$179$inside_QMARK_:Nh
cljs$cst$180$sim_done_QMARK_:Di
cljs$cst$181$dragging:ig
cljs$cst$182$pinching:Ji
cljs$cst$183$last_x:Kg
cljs$cst$184$last_y:Ng
cljs$cst$185$pinch_dist:Ci
cljs$cst$186$pinch_cx:Wh
cljs$cst$187$pinch_cy:Xh
cljs$cst$188$component_did_mount:yh
cljs$cst$189$loading:Ik
cljs$cst$190$found:bh
cljs$cst$191$section_SHARP_garden_DOT_map_section:Sh
cljs$cst$192$div_DOT_map_viewport:pi
cljs$cst$193$on_touch_start:xh
cljs$cst$194$on_touch_end:Ph
cljs$cst$195$div_DOT_map_world:oh
cljs$cst$196$transform_origin:Qh
cljs$cst$197$width:gh
cljs$cst$198$height:wi
cljs$cst$199$img:jh
cljs$cst$2$meta:rg
cljs$cst$20$keyword_fn:Jg
cljs$cst$200$src:ch
cljs$cst$201$draggable:Gi
cljs$cst$202$display:Rh
cljs$cst$203$user_select:Vh
cljs$cst$204$div_DOT_map_user_dot:Sg
cljs$cst$205$div_DOT_map_overlay__actions:Uh
cljs$cst$206$button_DOT_map_btn:ui
cljs$cst$207$button_DOT_map_btn_DOT_map_btn__sim:Yh
cljs$cst$208$button_DOT_map_btn_DOT_map_btn__stop:Ii
cljs$cst$21$keywordize_keys:qn
cljs$cst$4$print_length:lg
cljs$cst$5$validator:bi
cljs$cst$6$cljs_DOT_core_SLASH_not_found:Wf
cljs$cst$63$error:ci
cljs$cst$64$name:rh
cljs$cst$68$class:th
cljs$cst$69$style:dh
cljs$cst$70$key:zi
cljs$cst$79$on_dispose:Mh
cljs$cst$8$more_marker:mg
cljs$cst$82$auto_run:hh
cljs$cst$86$on_set:Li
cljs$cst$87$no_cache:Zg
cljs$cst$9$alt_impl:wg
cljs$cst$95$shouldComponentUpdate:nh
cljs$cst$96$componentDidMount:ii
cljs$cst$97$componentWillUnmount:Xg
cljs$cst$98$reagentRender:Ah
cljs$cst$99$render:Ih
clojure$set$difference:xj
clojure$string$join$cljs$0core$0IFn$0_invoke$0arity$02:Wi
clojure$string$replace:Vi
clojure$string$replace_all:Ti
clojure$string$replace_with:Ui
clojure$string$split$cljs$0core$0IFn$0_invoke$0arity$03:Hl
container$jscomp$inline_1141:jl
fn_to_element$jscomp$inline_843:Zk
goog$UID_PROPERTY_:da
goog$getUid:ca
goog$global:aa
goog$string$StringBuffer:la
goog$typeOf:q
goog$uidCounter_:ea
id$jscomp$inline_842:Wk
manas$frontend$app$root:Yk
manas$frontend$views$map$api_acts:cl
manas$frontend$views$map$api_artists:bl
manas$frontend$views$map$api_places:ry
manas$frontend$views$map$artist_modal:hl
manas$frontend$views$map$boundary:Rk
manas$frontend$views$map$clamp_transform:Xk
manas$frontend$views$map$close_modal_BANG_:si
manas$frontend$views$map$countdown:mi
manas$frontend$views$map$day_labels:gl
manas$frontend$views$map$fetch_acts_BANG_:fl
manas$frontend$views$map$fetch_artists_BANG_:el
manas$frontend$views$map$fetch_places_BANG_:ty
manas$frontend$views$map$inside_festival_QMARK_:Uk
manas$frontend$views$map$map_section:Pk
manas$frontend$views$map$modal_acts:Yl
manas$frontend$views$map$modal_artist:dl
manas$frontend$views$map$modal_closing:ri
manas$frontend$views$map$modal_day:Xl
manas$frontend$views$map$modal_place:sy
manas$frontend$views$map$now_time:li
manas$frontend$views$map$place_buttons:vy
manas$frontend$views$map$place_modal:uy
manas$frontend$views$map$sim_route:Tk
module$contents$goog$array_defaultCompare:vb
module$contents$goog$array_sort:mb
module$contents$goog$array_stableSort:Gb
module$contents$goog$object_PROTOTYPE_FIELDS:ja
module$contents$goog$object_extend:ka
module$contents$goog$object_get:ha
module$contents$goog$object_getKeys:fa
module$node_modules$react$index:Qi
module$node_modules$react_dom$client:Si
module$node_modules$react_dom$index:Ri
opts$jscomp$inline_841:Vk
parse_fn$jscomp$inline_844:$k
reagent$core$atom$cljs$0core$0IFn$0_invoke$0arity$01:ji
reagent$dom$client$reagent_root:Mk
reagent$dom$client$render$cljs$0core$0IFn$0_invoke$0arity$04:Nk
reagent$impl$batching$RenderQueue:qj
reagent$impl$batching$compare_mount_order:kj
reagent$impl$batching$enqueue:pj
reagent$impl$batching$fake_raf:ij
reagent$impl$batching$mount_count:hj
reagent$impl$batching$next_tick:jj
reagent$impl$batching$queue_render:sj
reagent$impl$batching$ratom_flush:nj
reagent$impl$batching$react_flush:lj
reagent$impl$batching$render_queue:rj
reagent$impl$batching$run_funs:oj
reagent$impl$batching$run_queue:mj
reagent$impl$component$_STAR_current_component_STAR_:Pj
reagent$impl$component$built_in_static_method_names:Vf
reagent$impl$component$cache_react_class:dk
reagent$impl$component$camelify_map_keys:Yj
reagent$impl$component$cancel_cleanup:Tj
reagent$impl$component$cljsify:bk
reagent$impl$component$create_class:ck
reagent$impl$component$custom_wrapper:Vj
reagent$impl$component$dash_to_method_name:Xj
reagent$impl$component$functional_render:fk
reagent$impl$component$functional_render_fn:hk
reagent$impl$component$functional_render_memo_fn:gk
reagent$impl$component$functional_wrap_render:ek
reagent$impl$component$map_to_js:ak
reagent$impl$component$obligatory:Wj
reagent$impl$component$props_argv:Qj
reagent$impl$component$queue_cleanup:Uj
reagent$impl$component$rat_opts:Oj
reagent$impl$component$reagent_class_QMARK_:Rj
reagent$impl$component$wrap_funs:Zj
reagent$impl$component$wrap_render:Sj
reagent$impl$input$_STAR_force_set_dom_value_STAR_:jk
reagent$impl$input$input_component_set_value:lk
reagent$impl$input$input_handle_change:mk
reagent$impl$input$input_node_set_value:kk
reagent$impl$input$input_render_setup:nk
reagent$impl$input$input_spec:ok
reagent$impl$input$these_inputs_have_selection_api:ik
reagent$impl$protocols$as_element:vj
reagent$impl$protocols$get_id:tj
reagent$impl$protocols$make_element:wj
reagent$impl$protocols$parse_tag:uj
reagent$impl$template$HiccupTag:yk
reagent$impl$template$_STAR_current_default_compiler_STAR_:Hk
reagent$impl$template$cache_get:rk
reagent$impl$template$convert_custom_prop_value:wk
reagent$impl$template$convert_prop_value:tk
reagent$impl$template$custom_kv_conv:vk
reagent$impl$template$custom_prop_name_cache:uk
reagent$impl$template$expand_seq:Ek
reagent$impl$template$function_element:Ak
reagent$impl$template$kv_conv:sk
reagent$impl$template$make_element:xk
reagent$impl$template$maybe_function_element:Bk
reagent$impl$template$native_element:Dk
reagent$impl$template$prop_name_cache:qk
reagent$impl$template$re_tag:pk
reagent$impl$template$reag_element:zk
reagent$impl$template$t_reagent$0impl$0template22847:Gk
reagent$impl$template$tag_name_cache:Ck
reagent$impl$template$vec_to_elem:Fk
reagent$impl$util$_STAR_always_update_STAR_:ej
reagent$impl$util$capitalize:$i
reagent$impl$util$class_names:dj
reagent$impl$util$dash_to_prop_name:aj
reagent$impl$util$dont_camel_case:Zi
reagent$impl$util$fun_name:bj
reagent$impl$util$get_react_key:fj
reagent$impl$util$is_client:Yi
reagent$impl$util$named_QMARK_:cj
reagent$impl$util$react_key_from_vec:gj
reagent$ratom$RAtom:Gj
reagent$ratom$Reaction:Jj
reagent$ratom$_STAR_ratom_context_STAR_:yj
reagent$ratom$add_w:Bj
reagent$ratom$atom:Hj
reagent$ratom$deref_capture:zj
reagent$ratom$dispose_BANG_:Ij
reagent$ratom$flush_BANG_:Kj
reagent$ratom$handle_reaction_change:xb
reagent$ratom$make_reaction:Lj
reagent$ratom$notify_deref_watcher_BANG_:Aj
reagent$ratom$notify_w:Dj
reagent$ratom$pr_atom:Ej
reagent$ratom$rea_queue:Fj
reagent$ratom$remove_w:Cj
reagent$ratom$run_in_reaction:Nj
reagent$ratom$temp_reaction:Mj
root$jscomp$inline_1176:al
shadow$js$files:Mi
shadow$js$jsRequire:Pi
shadow$js$nativeProvides:Ni
shadow$js$requireStack:Oi
